[usdtwealth.pro/index.html]
[backblue.gif]
[fade.gif]
[index.html]
[usdtwealth.pro/css/bootstrap-reboot.min.css]
[usdtwealth.pro/css/bootstrap-grid.min.css]
[usdtwealth.pro/css/owl.carousel.min.css]
[usdtwealth.pro/css/jquery.mCustomScrollbar.min.css]
[usdtwealth.pro/css/nouislider.min.css]
[usdtwealth.pro/css/ionicons.min.css]
[usdtwealth.pro/css/plyr.css]
[usdtwealth.pro/css/photoswipe.css]
[usdtwealth.pro/css/default-skin.css]
[usdtwealth.pro/css/main.css]
[usdtwealth.pro/apple-touch-icon.png]
[usdtwealth.pro/favicon-32x32.png]
[usdtwealth.pro/favicon-16x16.png]
[usdtwealth.pro/facebook.jpg]
[ajax.googleapis.com/ajax/libs/jquery/3.5.1/jquery.min.js]
[usdtwealth.pro/img/logocsbiz.png]
[usdtwealth.pro/index4c4f.html]
[usdtwealth.pro/img/home/h6.11.delayed]
[usdtwealth.pro/indexbc14.html]
[usdtwealth.pro/index38cd.html]
[usdtwealth.pro/index56ca.html]
[usdtwealth.pro/indexcca3.html]
[usdtwealth.pro/index15a0.html]
[usdtwealth.pro/img/mi3.png]
[usdtwealth.pro/indexc30b.html]
[usdtwealth.pro/img/referral3.png]
[usdtwealth.pro/img/coins/pmis.png]
[usdtwealth.pro/index8fa7.html]
[usdtwealth.pro/img/coins/btcis.png]
[usdtwealth.pro/img/coins/ltcis.png]
[usdtwealth.pro/img/coins/dogeis.png]
[usdtwealth.pro/img/coins/ethis.png]
[usdtwealth.pro/img/coins/bchis.png]
[usdtwealth.pro/img/coins/dashis.png]
[usdtwealth.pro/img/coins/xrpis.png]
[usdtwealth.pro/img/coins/usdtis.png]
[usdtwealth.pro/img/coins/trxis.png]
[usdtwealth.pro/img/coins/bnbis.png]
[usdtwealth.pro/img/coins/xlmis.png]
[www.positivessl.com/images/seals/positivessl_trust_seal_md_167x42.png]
[images.dmca.com/Badges/_dmca_premi_badge_32234.png]
[images.dmca.com/Badges/DMCABadgeHelper.min.js]
[paykassa.pro/theme/wallet/assets/common/img/share/paykassa-white-1.png]
[usdtwealth.pro/js/jquery-3.5.1.min.js]
[usdtwealth.pro/indexa972.html]
[usdtwealth.pro/js/bootstrap.bundle.min.js]
[usdtwealth.pro/indexb6b1.html]
[usdtwealth.pro/js/owl.carousel.min.js]
[usdtwealth.pro/js/jquery.mousewheel.min.js]
[usdtwealth.pro/js/jquery.mCustomScrollbar.min.js]
[usdtwealth.pro/js/wNumb.js]
[usdtwealth.pro/js/nouislider.min.js]
[usdtwealth.pro/js/plyr.min.js]
[usdtwealth.pro/js/jquery.morelines.min.js]
[usdtwealth.pro/js/photoswipe.min.js]
[usdtwealth.pro/js/photoswipe-ui-default.min.js]
[usdtwealth.pro/js/main.js]
[usdtwealth.pro/index.html]
[usdtwealth.pro/css/bootstrap-reboot.min.css]
[usdtwealth.pro/css/bootstrap-grid.min.css]
[usdtwealth.pro/css/owl.carousel.min.css]
[usdtwealth.pro/css/jquery.mCustomScrollbar.min.css]
[usdtwealth.pro/css/nouislider.min.css]
[usdtwealth.pro/fonts/ioniconse0a5e0a5.eot]
[usdtwealth.pro/fonts/ioniconse0a5e0a5.woff2]
[usdtwealth.pro/fonts/ioniconse0a5e0a5.woff]
[usdtwealth.pro/fonts/ioniconse0a5e0a5.ttf]
[usdtwealth.pro/css/ionicons.min.css]
[usdtwealth.pro/css/plyr.css]
[usdtwealth.pro/css/photoswipe.css]
[usdtwealth.pro/fonts/ioniconse0a5e0a5.svg]
[usdtwealth.pro/css/default-skin.css]
[usdtwealth.pro/img/home/home__bg.jpg]
[usdtwealth.pro/css/main.css]
[usdtwealth.pro/site.html]
[usdtwealth.pro/indexbc14.html]
[usdtwealth.pro/img/home/h9.jpg]
[usdtwealth.pro/img/certh2.jpg]
[usdtwealth.pro/img/partners/par1.png]
[usdtwealth.pro/img/partners/par2.png]
[usdtwealth.pro/img/partners/par3.png]
[usdtwealth.pro/img/partners/par4.png]
[usdtwealth.pro/img/partners/par5.png]
[usdtwealth.pro/img/partners/par6.png]
[usdtwealth.pro/index4c4f.html]
[usdtwealth.pro/index56ca.html]
[usdtwealth.pro/index38cd.html]
[usdtwealth.pro/index15a0.html]
[usdtwealth.pro/indexcca3.html]
[usdtwealth.pro/indexc30b.html]
[usdtwealth.pro/index8fa7.html]
[usdtwealth.pro/js/jquery.magnific-popup.min.js]
[usdtwealth.pro/index8083.html]
[usdtwealth.pro/js/select2.min.js]
[usdtwealth.pro/js/admin.js]
[usdtwealth.pro/indexa972.html]
[usdtwealth.pro/indexb6b1.html]
[usdtwealth.pro/css/owl.video.play.html]
[usdtwealth.pro/css/mCSB_buttons.html]
[usdtwealth.pro/fonts/ioniconse0a5e0a5.svg]
[usdtwealth.pro/css/default-skin.html]
[usdtwealth.pro/css/default-skin-2.html]
[usdtwealth.pro/css/preloader.html]
[usdtwealth.pro/rules.html]
[usdtwealth.pro/index8083.html]
